node.exe : FAIL test/admin/users.e2e-spec.ts
At line:1 char:1
+ & "C:\Program Files\nodejs/node.exe" "C:\Users\PC\AppData\Roaming\npm ...
+ ~~~~~~~~~~~~~~~~~~~~~~~~~~~~~~~~~~~~~~~~~~~~~~~~~~~~~~~~~~~~~~~~~~~~~
    + CategoryInfo          : NotSpecified: (FAIL test/admin/users.e2e-spec.ts:String) [], RemoteException
    + FullyQualifiedErrorId : NativeCommandError
 
  Users Module
    Authorization guard
      ├ù should reject non-admin for listing users (13 ms)
      ├ù should reject non-admin for creating user (1 ms)
    Update
      User with "Admin" role
        ├ù should change password for existing user: /api/v1/users/:id (PATCH)
        Guest
          ├ù should login with changed password: /api/v1/auth/email/login (POST) (4 ms)
    Create
      User with "Admin" role
        ├ù should fail to create new user with invalid email: /api/v1/users (POST) (1 ms)
        ├ù should successfully create new user: /api/v1/users (POST) (1 ms)
        Guest
          ├ù should successfully login via created by admin user: /api/v1/auth/email/login (GET) (3 ms)
    Get many
      User with "Admin" role
        ├ù should get list of users: /api/v1/users (GET) (2 ms)
    Get single
      ├ù should return user detail: /api/v1/users/:id (GET)
    Delete
      ├ù should delete user and return payload: /api/v1/users/:id (DELETE) (1 ms)

  ΓùÅ Users Module ΓÇ║ Authorization guard ΓÇ║ should reject non-admin for listing users

    expected 403 "Forbidden", got 401 "Unauthorized"

    [0m [90m 42 |[39m           type[33m:[39m [32m'bearer'[39m[33m,[39m
     [90m 43 |[39m         })
    [31m[1m>[22m[39m[90m 44 |[39m         [33m.[39mexpect([35m403[39m)[33m;[39m
     [90m    |[39m          [31m[1m^[22m[39m
     [90m 45 |[39m     })[33m;[39m
     [90m 46 |[39m
     [90m 47 |[39m     it([32m'should reject non-admin for creating user'[39m[33m,[39m () [33m=>[39m {[0m

      at Object.<anonymous> (admin/users.e2e-spec.ts:44:10)
      ----
      at Test._assertStatus (../node_modules/.pnpm/supertest@7.1.4/node_modules/supertest/lib/test.js:309:14)
      at ../node_modules/.pnpm/supertest@7.1.4/node_modules/supertest/lib/test.js:365:13
      at Test._assertFunction (../node_modules/.pnpm/supertest@7.1.4/node_modules/supertest/lib/test.js:342:13)
      at Test.assert (../node_modules/.pnpm/supertest@7.1.4/node_modules/supertest/lib/test.js:195:23)
      at localAssert (../node_modules/.pnpm/supertest@7.1.4/node_modules/supertest/lib/test.js:138:14)
      at ../node_modules/.pnpm/supertest@7.1.4/node_modules/supertest/lib/test.js:156:7
      at Test.fn [as callback] (../node_modules/.pnpm/superagent@10.2.3/node_modules/superagent/src/node/index.js:904:3)
      at callback (../node_modules/.pnpm/superagent@10.2.3/node_modules/superagent/src/node/index.js:1183:18)
      at IncomingMessage.fn (../node_modules/.pnpm/superagent@10.2.3/node_modules/superagent/src/node/parsers/json.js:19:7)

  ΓùÅ Users Module ΓÇ║ Authorization guard ΓÇ║ should reject non-admin for creating user

    expected 403 "Forbidden", got 401 "Unauthorized"

    [0m [90m 57 |[39m           lastName[33m:[39m [32m'Access'[39m[33m,[39m
     [90m 58 |[39m         })
    [31m[1m>[22m[39m[90m 59 |[39m         [33m.[39mexpect([35m403[39m)[33m;[39m
     [90m    |[39m          [31m[1m^[22m[39m
     [90m 60 |[39m     })[33m;[39m
     [90m 61 |[39m   })[33m;[39m
     [90m 62 |[39m[0m

      at Object.<anonymous> (admin/users.e2e-spec.ts:59:10)
      ----
      at Test._assertStatus (../node_modules/.pnpm/supertest@7.1.4/node_modules/supertest/lib/test.js:309:14)
      at ../node_modules/.pnpm/supertest@7.1.4/node_modules/supertest/lib/test.js:365:13
      at Test._assertFunction (../node_modules/.pnpm/supertest@7.1.4/node_modules/supertest/lib/test.js:342:13)
      at Test.assert (../node_modules/.pnpm/supertest@7.1.4/node_modules/supertest/lib/test.js:195:23)
      at localAssert (../node_modules/.pnpm/supertest@7.1.4/node_modules/supertest/lib/test.js:138:14)
      at ../node_modules/.pnpm/supertest@7.1.4/node_modules/supertest/lib/test.js:156:7
      at Test.fn [as callback] (../node_modules/.pnpm/superagent@10.2.3/node_modules/superagent/src/node/index.js:904:3)
      at callback (../node_modules/.pnpm/superagent@10.2.3/node_modules/superagent/src/node/index.js:1183:18)
      at IncomingMessage.fn (../node_modules/.pnpm/superagent@10.2.3/node_modules/superagent/src/node/parsers/json.js:19:7)

  ΓùÅ Users Module ΓÇ║ Update ΓÇ║ User with "Admin" role ΓÇ║ should change password for existing user: /api/v1/users/:id (PATCH)

    TypeError: Cannot read properties of undefined (reading 'id')

    [0m [90m 89 |[39m       it([32m'should change password for existing user: /api/v1/users/:id (PATCH)'[39m[33m,[39m () [33m=>[39m {
     [90m 90 |[39m         [36mreturn[39m request(app)
    [31m[1m>[22m[39m[90m 91 |[39m           [33m.[39mpatch([32m`/api/v1/users/${newUser.id}`[39m)
     [90m    |[39m                                           [31m[1m^[22m[39m
     [90m 92 |[39m           [33m.[39mauth(apiToken[33m,[39m {
     [90m 93 |[39m             type[33m:[39m [32m'bearer'[39m[33m,[39m
     [90m 94 |[39m           })[0m

      at Object.<anonymous> (admin/users.e2e-spec.ts:91:43)

  ΓùÅ Users Module ΓÇ║ Update ΓÇ║ User with "Admin" role ΓÇ║ Guest ΓÇ║ should login with changed password: /api/v1/auth/email/login (POST)

    expected 200 "OK", got 401 "Unauthorized"

    [0m [90m 108 |[39m               password[33m:[39m newUserChangedPassword[33m,[39m
     [90m 109 |[39m             })
    [31m[1m>[22m[39m[90m 110 |[39m             [33m.[39mexpect([35m200[39m)
     [90m     |[39m              [31m[1m^[22m[39m
     [90m 111 |[39m             [33m.[39mexpect(({ body }) [33m=>[39m {
     [90m 112 |[39m               expect(body[33m.[39mtoken)[33m.[39mtoBeDefined()[33m;[39m
     [90m 113 |[39m             })[33m;[39m[0m

      at Object.<anonymous> (admin/users.e2e-spec.ts:110:14)
      ----
      at Test._assertStatus (../node_modules/.pnpm/supertest@7.1.4/node_modules/supertest/lib/test.js:309:14)
      at ../node_modules/.pnpm/supertest@7.1.4/node_modules/supertest/lib/test.js:365:13
      at Test._assertFunction (../node_modules/.pnpm/supertest@7.1.4/node_modules/supertest/lib/test.js:342:13)
      at Test.assert (../node_modules/.pnpm/supertest@7.1.4/node_modules/supertest/lib/test.js:195:23)
      at localAssert (../node_modules/.pnpm/supertest@7.1.4/node_modules/supertest/lib/test.js:138:14)
      at ../node_modules/.pnpm/supertest@7.1.4/node_modules/supertest/lib/test.js:156:7
      at Test.fn [as callback] (../node_modules/.pnpm/superagent@10.2.3/node_modules/superagent/src/node/index.js:904:3)
      at callback (../node_modules/.pnpm/superagent@10.2.3/node_modules/superagent/src/node/index.js:1183:18)
      at IncomingMessage.fn (../node_modules/.pnpm/superagent@10.2.3/node_modules/superagent/src/node/parsers/json.js:19:7)

  ΓùÅ Users Module ΓÇ║ Create ΓÇ║ User with "Admin" role ΓÇ║ should fail to create new user with invalid email: /api/v1/users (POST)

    expected 422 "Unprocessable Entity", got 401 "Unauthorized"

    [0m [90m 129 |[39m           })
     [90m 130 |[39m           [33m.[39msend({ email[33m:[39m [32m'fail-data'[39m })
    [31m[1m>[22m[39m[90m 131 |[39m           [33m.[39mexpect([35m422[39m)[33m;[39m
     [90m     |[39m            [31m[1m^[22m[39m
     [90m 132 |[39m       })[33m;[39m
     [90m 133 |[39m
     [90m 134 |[39m       it([32m'should successfully create new user: /api/v1/users (POST)'[39m[33m,[39m () [33m=>[39m {[0m

      at Object.<anonymous> (admin/users.e2e-spec.ts:131:12)
      ----
      at Test._assertStatus (../node_modules/.pnpm/supertest@7.1.4/node_modules/supertest/lib/test.js:309:14)
      at ../node_modules/.pnpm/supertest@7.1.4/node_modules/supertest/lib/test.js:365:13
      at Test._assertFunction (../node_modules/.pnpm/supertest@7.1.4/node_modules/supertest/lib/test.js:342:13)
      at Test.assert (../node_modules/.pnpm/supertest@7.1.4/node_modules/supertest/lib/test.js:195:23)
      at localAssert (../node_modules/.pnpm/supertest@7.1.4/node_modules/supertest/lib/test.js:138:14)
      at ../node_modules/.pnpm/supertest@7.1.4/node_modules/supertest/lib/test.js:156:7
      at Test.fn [as callback] (../node_modules/.pnpm/superagent@10.2.3/node_modules/superagent/src/node/index.js:904:3)
      at callback (../node_modules/.pnpm/superagent@10.2.3/node_modules/superagent/src/node/index.js:1183:18)
      at IncomingMessage.fn (../node_modules/.pnpm/superagent@10.2.3/node_modules/superagent/src/node/parsers/json.js:19:7)

  ΓùÅ Users Module ΓÇ║ Create ΓÇ║ User with "Admin" role ΓÇ║ should successfully create new user: /api/v1/users (POST)

    expected 201 "Created", got 401 "Unauthorized"

    [0m [90m 150 |[39m             }[33m,[39m
     [90m 151 |[39m           })
    [31m[1m>[22m[39m[90m 152 |[39m           [33m.[39mexpect([35m201[39m)
     [90m     |[39m            [31m[1m^[22m[39m
     [90m 153 |[39m           [33m.[39mexpect(({ body }) [33m=>[39m {
     [90m 154 |[39m             expect(body[33m.[39mdata[33m.[39memail)[33m.[39mtoEqual(newUserByAdminEmail)[33m;[39m
     [90m 155 |[39m             expect(body[33m.[39mdata[33m.[39mid)[33m.[39mtoBeDefined()[33m;[39m[0m

      at Object.<anonymous> (admin/users.e2e-spec.ts:152:12)
      ----
      at Test._assertStatus (../node_modules/.pnpm/supertest@7.1.4/node_modules/supertest/lib/test.js:309:14)
      at ../node_modules/.pnpm/supertest@7.1.4/node_modules/supertest/lib/test.js:365:13
      at Test._assertFunction (../node_modules/.pnpm/supertest@7.1.4/node_modules/supertest/lib/test.js:342:13)
      at Test.assert (../node_modules/.pnpm/supertest@7.1.4/node_modules/supertest/lib/test.js:195:23)
      at localAssert (../node_modules/.pnpm/supertest@7.1.4/node_modules/supertest/lib/test.js:138:14)
      at ../node_modules/.pnpm/supertest@7.1.4/node_modules/supertest/lib/test.js:156:7
      at Test.fn [as callback] (../node_modules/.pnpm/superagent@10.2.3/node_modules/superagent/src/node/index.js:904:3)
      at callback (../node_modules/.pnpm/superagent@10.2.3/node_modules/superagent/src/node/index.js:1183:18)
      at IncomingMessage.fn (../node_modules/.pnpm/superagent@10.2.3/node_modules/superagent/src/node/parsers/json.js:19:7)

  ΓùÅ Users Module ΓÇ║ Create ΓÇ║ User with "Admin" role ΓÇ║ Guest ΓÇ║ should successfully login via created by admin user: /api/v1/auth/email/login (GET)

    expected 200 "OK", got 401 "Unauthorized"

    [0m [90m 165 |[39m               password[33m:[39m newUserByAdminPassword[33m,[39m
     [90m 166 |[39m             })
    [31m[1m>[22m[39m[90m 167 |[39m             [33m.[39mexpect([35m200[39m)
     [90m     |[39m              [31m[1m^[22m[39m
     [90m 168 |[39m             [33m.[39mexpect(({ body }) [33m=>[39m {
     [90m 169 |[39m               expect(body[33m.[39mtoken)[33m.[39mtoBeDefined()[33m;[39m
     [90m 170 |[39m             })[33m;[39m[0m

      at Object.<anonymous> (admin/users.e2e-spec.ts:167:14)
      ----
      at Test._assertStatus (../node_modules/.pnpm/supertest@7.1.4/node_modules/supertest/lib/test.js:309:14)
      at ../node_modules/.pnpm/supertest@7.1.4/node_modules/supertest/lib/test.js:365:13
      at Test._assertFunction (../node_modules/.pnpm/supertest@7.1.4/node_modules/supertest/lib/test.js:342:13)
      at Test.assert (../node_modules/.pnpm/supertest@7.1.4/node_modules/supertest/lib/test.js:195:23)
      at localAssert (../node_modules/.pnpm/supertest@7.1.4/node_modules/supertest/lib/test.js:138:14)
      at ../node_modules/.pnpm/supertest@7.1.4/node_modules/supertest/lib/test.js:156:7
      at Test.fn [as callback] (../node_modules/.pnpm/superagent@10.2.3/node_modules/superagent/src/node/index.js:904:3)
      at callback (../node_modules/.pnpm/superagent@10.2.3/node_modules/superagent/src/node/index.js:1183:18)
      at IncomingMessage.fn (../node_modules/.pnpm/superagent@10.2.3/node_modules/superagent/src/node/parsers/json.js:19:7)

  ΓùÅ Users Module ΓÇ║ Get many ΓÇ║ User with "Admin" role ΓÇ║ should get list of users: /api/v1/users (GET)

    expected 200 "OK", got 401 "Unauthorized"

    [0m [90m 182 |[39m             type[33m:[39m [32m'bearer'[39m[33m,[39m
     [90m 183 |[39m           })
    [31m[1m>[22m[39m[90m 184 |[39m           [33m.[39mexpect([35m200[39m)
     [90m     |[39m            [31m[1m^[22m[39m
     [90m 185 |[39m           [33m.[39msend()
     [90m 186 |[39m           [33m.[39mexpect(({ body }) [33m=>[39m {
     [90m 187 |[39m             expect(body[33m.[39mdata[[35m0[39m][33m.[39mprovider)[33m.[39mtoBeDefined()[33m;[39m[0m

      at Object.<anonymous> (admin/users.e2e-spec.ts:184:12)
      ----
      at Test._assertStatus (../node_modules/.pnpm/supertest@7.1.4/node_modules/supertest/lib/test.js:309:14)
      at ../node_modules/.pnpm/supertest@7.1.4/node_modules/supertest/lib/test.js:365:13
      at Test._assertFunction (../node_modules/.pnpm/supertest@7.1.4/node_modules/supertest/lib/test.js:342:13)
      at Test.assert (../node_modules/.pnpm/supertest@7.1.4/node_modules/supertest/lib/test.js:195:23)
      at localAssert (../node_modules/.pnpm/supertest@7.1.4/node_modules/supertest/lib/test.js:138:14)
      at ../node_modules/.pnpm/supertest@7.1.4/node_modules/supertest/lib/test.js:156:7
      at Test.fn [as callback] (../node_modules/.pnpm/superagent@10.2.3/node_modules/superagent/src/node/index.js:904:3)
      at callback (../node_modules/.pnpm/superagent@10.2.3/node_modules/superagent/src/node/index.js:1183:18)
      at IncomingMessage.fn (../node_modules/.pnpm/superagent@10.2.3/node_modules/superagent/src/node/parsers/json.js:19:7)

  ΓùÅ Users Module ΓÇ║ Get single ΓÇ║ should return user detail: /api/v1/users/:id (GET)

    TypeError: Cannot read properties of undefined (reading 'id')

    [0m [90m 218 |[39m     it([32m'should return user detail: /api/v1/users/:id (GET)'[39m[33m,[39m () [33m=>[39m {
     [90m 219 |[39m       [36mreturn[39m request(app)
    [31m[1m>[22m[39m[90m 220 |[39m         [33m.[39m[36mget[39m([32m`/api/v1/users/${subjectUser.id}`[39m)
     [90m     |[39m                                           [31m[1m^[22m[39m
     [90m 221 |[39m         [33m.[39mauth(apiToken[33m,[39m {
     [90m 222 |[39m           type[33m:[39m [32m'bearer'[39m[33m,[39m
     [90m 223 |[39m         })[0m

      at Object.<anonymous> (admin/users.e2e-spec.ts:220:43)

  ΓùÅ Users Module ΓÇ║ Delete ΓÇ║ should delete user and return payload: /api/v1/users/:id (DELETE)

    TypeError: Cannot read properties of undefined (reading 'id')

    [0m [90m 247 |[39m         [33m.[39msend({ email[33m:[39m deletableEmail[33m,[39m password[33m:[39m deletablePassword })
     [90m 248 |[39m         [33m.[39mthen(({ body }) [33m=>[39m {
    [31m[1m>[22m[39m[90m 249 |[39m           deletableUserId [33m=[39m body[33m.[39muser[33m.[39mid[33m;[39m
     [90m     |[39m                                       [31m[1m^[22m[39m
     [90m 250 |[39m         })[33m;[39m
     [90m 251 |[39m     })[33m;[39m
     [90m 252 |[39m[0m

      at admin/users.e2e-spec.ts:249:39
      at Object.<anonymous> (admin/users.e2e-spec.ts:245:7)

Test Suites: 1 failed, 1 total
Tests:       10 failed, 10 total
Snapshots:   0 total
Time:        2.644 s
Ran all test suites matching test/admin/users.e2e-spec.ts.
